2026-02-27 14:49:13 | SCAN | 0001-MARGINAL.pdf | Uncategorized | tags: 
2026-02-27 14:49:13 | SCAN | 0001-SLIP(1).pdf | Uncategorized | tags: 
2026-02-27 14:49:13 | SCAN | 0001-SLIP.pdf | Uncategorized | tags: 
2026-02-27 14:49:13 | SCAN | 0002-MARGINAL.pdf | Uncategorized | tags: 
2026-02-27 14:49:13 | SCAN | 0003-SLIP.pdf | Uncategorized | tags: 
2026-02-27 14:49:14 | SCAN | 0004-MARGINAL.pdf | Uncategorized | tags: 
2026-02-27 14:49:14 | SCAN | 0004-SLIP.pdf | Uncategorized | tags: 
2026-02-27 14:49:14 | SCAN | 0005-SLIP.pdf | Uncategorized | tags: 
2026-02-27 14:49:14 | SCAN | 0007-DENR-CENRO LETTER TO ATTY. CARLO B. GOMEZ.pdf | Uncategorized | tags: 
2026-02-27 14:49:14 | SCAN | 0007-MARGINAL.pdf | Uncategorized | tags: 
2026-02-27 14:49:14 | SCAN | 0007-SLIP.pdf | Uncategorized | tags: 
2026-02-27 14:49:14 | SCAN | 0008-BIRDWATCHING AND PHOTOGRAPHY PERMIT ON JANUARY 16-18,2026 AT IRAWAN ECO-PARK.pdf | Uncategorized | tags: 
2026-02-27 14:49:14 | SCAN | 0008-MARGINAL.pdf | Uncategorized | tags: 
2026-02-27 14:49:14 | SCAN | 0009-MARGINAL.pdf | Uncategorized | tags: 
2026-02-27 14:49:14 | SCAN | 0009-MEMORANDUM CIRCULAR NO. 01 SUBMISSION OF SECOND SEMESTER, JULY TO DEC. 2025 OPCR ACCOMPLISHMENT REPORT.pdf | Uncategorized | tags: 
2026-02-27 14:49:14 | SCAN | 0009-SLIP.pdf | Uncategorized | tags: 
2026-02-27 14:49:14 | SCAN | 0010-MARGINAL.pdf | Uncategorized | tags: 
2026-02-27 14:49:15 | SCAN | 0010-MEMORANDUM CIRCULAR NO. 01 SUBMISSION OF 2025 ANNUAL REPORT OF ACCOMPLISHMENTS.pdf | Uncategorized | tags: 
2026-02-27 14:49:15 | SCAN | 0010-SLIP.pdf | Uncategorized | tags: 
2026-02-27 14:49:15 | SCAN | 0011-MARGINAL.pdf | Uncategorized | tags: 
2026-02-27 14:49:15 | SCAN | 0011-SLIP.pdf | Uncategorized | tags: 
2026-02-27 14:49:15 | SCAN | 0012-ISINUMITE SA INYONG TANGGAPAN ANG MGA KOPYA NG MGA RESIDENTE NG BARANGAY LANGONGAN BILANG PAGTUTOL SA MGA PROYEKTO NG MGA PAGQUQUARRY SA LANGOGAN.pdf | Uncategorized | tags: 
2026-02-27 14:49:15 | SCAN | 0012-MARGINAL.pdf | Uncategorized | tags: 
2026-02-27 14:49:15 | SCAN | 0012-SLIP.pdf | Uncategorized | tags: 
2026-02-27 14:49:15 | SCAN | 0013-REQUESTING A COPY OF THE HAULING RECORDS OF ARMADA COVERING THE PERIOD FROM JANUARY 2025 TO DEC. 2025.pdf | Uncategorized | tags: 
2026-02-27 14:49:15 | SCAN | 0013-SLIP.pdf | Uncategorized | tags: 
2026-02-27 14:49:15 | SCAN | 0014-GERARDO U. ABANIEL SUMULAT SA KADAHILANG HINDI PA NAMIN NAUUBOS NANG MABILIS ANG KALAHATING PORSIYENTO NG AMING KABUUANG KABIKO (18.334 CUBIC METER)..pdf | Uncategorized | tags: 
2026-02-27 14:49:15 | SCAN | 0015_GERARDO U. ABANIEL SUMULAT TUNGKOL SA DR NA NAGKAROON NG SULAT OR CARBON SA DI SINASADYANG PAGKAKATAON. NAIS PO NAMIN SANANG PAPALITAN.pdf | Uncategorized | tags: 
2026-02-27 14:49:15 | SCAN | 0018_LEOVINO C. TOLENTINO SUMULAT UPANG HUMINGI NG PAUMANHIN NA BAWAL PALA MAGDALA NG ULING PANGGAMIT LANG SANA SA PAGLULUTO NG LITSON.pdf | Uncategorized | tags: 
2026-02-27 14:49:16 | SCAN | 0019_NOTICE OF MEETING PROCUREMENT DEIVERY AND RELEASE OF SUPPLIES MATERIALS EQUIPMENT AND VEHICLES.pdf | Uncategorized | tags: 
2026-02-27 14:49:16 | SCAN | 0022-VALIDATION IN PUROK SILANGAN SITIO MAYLUPA BRGY. BINDUYAN.pdf | Uncategorized | tags: 
2026-02-27 14:49:16 | SCAN | 0023-RE- INVENTORY OF OLD STOCKED LUMBERS UNDER THE CUSTODY OF NAGTABON MONITORING STATION BGY. BACUNGAN.pdf | Uncategorized | tags: 
2026-02-27 14:49:29 | SCAN | 0024-VALIDATION AND CONFISCATION OF ONE (1) UNIT MINIBABY CHAINSAW AND RETRIEVAL OF ABANDONED THREE (3) PIECES OF IPIL LUMBERS IN VIOLATION OF R.A. 9175 OR CHAINSAW ACT.pdf | Uncategorized | tags: 
2026-02-27 14:49:29 | SCAN | 0054-RELEASED OF IMPOUNDED CONVEYANCE TO MR. FERNANDO MAGBANUA SR..pdf | Uncategorized | tags: 
2026-02-27 14:49:29 | SCAN | 0055-RELEASED OF IMPOUNDED CONVEYANCE TO MR. LORITO Y. CAINOY.pdf | Uncategorized | tags: 
2026-02-27 14:49:29 | SCAN | 0056-REQUEST FOR ELECTRICAL INSTALLATION IN WRED MONITORING STATION, BGY. STA. LUCIA.pdf | Uncategorized | tags: 
2026-02-27 14:49:29 | SCAN | 0057-RELEASED OF IMPOUNDED CONVEYANCE TO MR. FLORESTO MAGDAYAO AND MR. ALDRIN O. APID.pdf | Uncategorized | tags: 
2026-02-27 14:49:29 | SCAN | 0066-VIIRS-BD INSIDE 15 KM. COASTAL WATERS OF PUERTO PRINCESA.pdf | Uncategorized | tags: 
2026-02-27 14:49:30 | SCAN | BALANCE-SKELETAL-TRACTION.pdf | Uncategorized | tags: 
2026-02-27 14:49:31 | SCAN | BST.pdf | Uncategorized | tags: 
2026-02-27 14:49:53 | SCAN | Capstone-Paper.docx.pdf | Notice of Violation | tags: 
2026-02-27 14:49:54 | SCAN | chn2-Lesson7.pdf | Official Receipt | tags: 
2026-02-27 14:49:55 | SCAN | chn2-Lesson8.pdf | Uncategorized | tags: 
2026-02-27 14:49:57 | SCAN | chn2-Lesson9.pdf | Official Receipt | tags: 
2026-02-27 14:49:57 | SCAN | Combined_Report_2026-01.pdf | Official Receipt | tags: 
2026-02-27 14:49:57 | SCAN | Combined_Report_2026-02.pdf | Official Receipt | tags: 
2026-02-27 14:49:57 | SCAN | Combined_Report_2026.pdf | Uncategorized | tags: 
2026-02-27 14:49:59 | SCAN | Confidentiality ( Bioethics).pdf | Uncategorized | tags: 
2026-02-27 14:49:59 | SCAN | excel-cheat-sheet.pdf | Uncategorized | tags: 
2026-02-27 14:50:08 | SCAN | Final-Web-based-Dormitory-Information-Management-System.pdf | Notice of Violation | tags: 
2026-02-27 14:50:09 | SCAN | FRACTURE.pdf | Uncategorized | tags: 
2026-02-27 14:50:18 | SCAN | G16B-Research-Proposal-1.pdf | Notice of Violation | tags: 
2026-02-27 14:50:26 | SCAN | G16B-Research-Proposal.pdf | Notice of Violation | tags: 
2026-02-27 14:50:35 | SCAN | G16B-Research-Proposal11.pdf | Notice of Violation | tags: 
2026-02-27 14:50:55 | SCAN | GCSS11.pdf | Memorandum | tags: 
2026-02-27 14:51:22 | SCAN | Green-Abstract-Leaves-Illustration-Group-Project-Presentation.pdf | Uncategorized | tags: 
2026-02-27 14:51:25 | SCAN | group3.pdf | Uncategorized | tags: 
2026-02-27 14:51:25 | SCAN | isip_christian.pdf | Official Receipt | tags: 
2026-02-27 14:51:25 | SCAN | Miguel-Blas-BSIT-Prospectus.pdf | Uncategorized | tags: 
2026-02-27 14:51:27 | SCAN | NTRD 2019 - Comprehensive Guide to Orthopedic Hardware and Techniques - Studocu.pdf | Memorandum | tags: 
2026-02-27 14:51:28 | SCAN | ONP-PRC-CASE-2023-8.5x13_LONG.pdf | Uncategorized | tags: 
2026-02-27 14:51:29 | SCAN | OSTEOMYELITIS.pdf | Environmental Report | tags: 
2026-02-27 14:51:29 | SCAN | Pathophysiology_Potts_SCI_Flowchart.pdf | Uncategorized | tags: 
2026-02-27 14:51:31 | SCAN | Pink Illustrative Cute Brainstorm Presentation.pdf | Uncategorized | tags: 
2026-02-27 14:51:32 | SCAN | POC-W120case.pdf | Uncategorized | tags: 
2026-02-27 14:51:33 | SCAN | POTTS-DISEASE-3.pdf | Uncategorized | tags: 
2026-02-27 14:51:33 | SCAN | potts_disease_pathophysiology_flowchart.pdf | Uncategorized | tags: 
2026-02-27 14:51:34 | SCAN | POTT’S DISEASE (1).pdf | Uncategorized | tags: 
2026-02-27 14:51:35 | SCAN | POTT’S DISEASE (2).pdf | Uncategorized | tags: 
2026-02-27 14:51:35 | SCAN | POTT’S DISEASE (3).pdf | Uncategorized | tags: 
2026-02-27 14:51:36 | SCAN | POTT’S DISEASE.pdf | Uncategorized | tags: 
2026-02-27 14:51:37 | SCAN | RVB_-Palsu-Catering-Management-System-with-Notification-Alerts-and-Email-Document-Tracking.pdf | Memorandum | tags: 
2026-02-27 14:51:40 | SCAN | Solis rep.pdf | Uncategorized | tags: 
2026-02-27 14:51:42 | SCAN | Spinal-Cord-Injury.pdf | Uncategorized | tags: 
2026-02-27 14:51:43 | SCAN | TALIPES-CLUBFOOT-F.pdf | Notice of Violation | tags: 
2026-02-27 14:52:47 | SCAN | ThesesVault-Palawan-State-Universitys-Undergraduate-Theses-Digital-Repository-Manuscript-1.pdf | Notice of Violation | tags: 
2026-02-27 14:52:49 | SCAN | tractions.pdf | Uncategorized | tags: 
2026-02-27 14:52:49 | SCAN | ~$GCSS11.pdf | Uncategorized | tags: 
2026-02-27 14:53:58 | OPEN | 0001-SLIP(1).pdf | Uncategorized
2026-02-27 15:46:41 | OPEN | 0001-SLIP(1).pdf | Uncategorized
