2026-02-26 13:15:16 | SCAN | 0001-MARGINAL.pdf | Uncategorized
2026-02-26 13:15:16 | SCAN | 0001-SLIP(1).pdf | Uncategorized
2026-02-26 13:15:16 | SCAN | 0001-SLIP.pdf | Uncategorized
2026-02-26 13:15:16 | SCAN | 0002-MARGINAL.pdf | Uncategorized
2026-02-26 13:15:16 | SCAN | 0003-SLIP.pdf | Uncategorized
2026-02-26 13:15:16 | SCAN | 0004-MARGINAL.pdf | Uncategorized
2026-02-26 13:15:16 | SCAN | 0004-SLIP.pdf | Uncategorized
2026-02-26 13:15:16 | SCAN | 0005-SLIP.pdf | Uncategorized
2026-02-26 13:15:16 | SCAN | 0007-DENR-CENRO LETTER TO ATTY. CARLO B. GOMEZ.pdf | Uncategorized
2026-02-26 13:15:16 | SCAN | 0007-MARGINAL.pdf | Uncategorized
2026-02-26 13:15:16 | SCAN | 0007-SLIP.pdf | Uncategorized
2026-02-26 13:15:16 | SCAN | 0008-BIRDWATCHING AND PHOTOGRAPHY PERMIT ON JANUARY 16-18,2026 AT IRAWAN ECO-PARK.pdf | Uncategorized
2026-02-26 13:15:16 | SCAN | 0008-MARGINAL.pdf | Uncategorized
2026-02-26 13:15:16 | SCAN | 0009-MARGINAL.pdf | Uncategorized
2026-02-26 13:15:16 | SCAN | 0009-MEMORANDUM CIRCULAR NO. 01 SUBMISSION OF SECOND SEMESTER, JULY TO DEC. 2025 OPCR ACCOMPLISHMENT REPORT.pdf | Uncategorized
2026-02-26 13:15:16 | SCAN | 0009-SLIP.pdf | Uncategorized
2026-02-26 13:15:16 | SCAN | 0010-MARGINAL.pdf | Uncategorized
2026-02-26 13:15:16 | SCAN | 0010-MEMORANDUM CIRCULAR NO. 01 SUBMISSION OF 2025 ANNUAL REPORT OF ACCOMPLISHMENTS.pdf | Uncategorized
2026-02-26 13:15:16 | SCAN | 0010-SLIP.pdf | Uncategorized
2026-02-26 13:15:16 | SCAN | 0011-MARGINAL.pdf | Uncategorized
2026-02-26 13:15:16 | SCAN | 0011-SLIP.pdf | Uncategorized
2026-02-26 13:15:17 | SCAN | 0012-ISINUMITE SA INYONG TANGGAPAN ANG MGA KOPYA NG MGA RESIDENTE NG BARANGAY LANGONGAN BILANG PAGTUTOL SA MGA PROYEKTO NG MGA PAGQUQUARRY SA LANGOGAN.pdf | Uncategorized
2026-02-26 13:15:17 | SCAN | 0012-MARGINAL.pdf | Uncategorized
2026-02-26 13:15:17 | SCAN | 0012-SLIP.pdf | Uncategorized
2026-02-26 13:15:17 | SCAN | 0013-REQUESTING A COPY OF THE HAULING RECORDS OF ARMADA COVERING THE PERIOD FROM JANUARY 2025 TO DEC. 2025.pdf | Uncategorized
2026-02-26 13:15:17 | SCAN | 0013-SLIP.pdf | Uncategorized
2026-02-26 13:15:17 | SCAN | 0014-GERARDO U. ABANIEL SUMULAT SA KADAHILANG HINDI PA NAMIN NAUUBOS NANG MABILIS ANG KALAHATING PORSIYENTO NG AMING KABUUANG KABIKO (18.334 CUBIC METER)..pdf | Uncategorized
2026-02-26 13:15:17 | SCAN | 0015_GERARDO U. ABANIEL SUMULAT TUNGKOL SA DR NA NAGKAROON NG SULAT OR CARBON SA DI SINASADYANG PAGKAKATAON. NAIS PO NAMIN SANANG PAPALITAN.pdf | Uncategorized
2026-02-26 13:15:17 | SCAN | 0018_LEOVINO C. TOLENTINO SUMULAT UPANG HUMINGI NG PAUMANHIN NA BAWAL PALA MAGDALA NG ULING PANGGAMIT LANG SANA SA PAGLULUTO NG LITSON.pdf | Uncategorized
2026-02-26 13:15:17 | SCAN | 0019_NOTICE OF MEETING PROCUREMENT DEIVERY AND RELEASE OF SUPPLIES MATERIALS EQUIPMENT AND VEHICLES.pdf | Uncategorized
2026-02-26 13:15:17 | SCAN | 0022-VALIDATION IN PUROK SILANGAN SITIO MAYLUPA BRGY. BINDUYAN.pdf | Uncategorized
2026-02-26 13:15:17 | SCAN | 0023-RE- INVENTORY OF OLD STOCKED LUMBERS UNDER THE CUSTODY OF NAGTABON MONITORING STATION BGY. BACUNGAN.pdf | Uncategorized
2026-02-26 13:15:38 | SCAN | 0024-VALIDATION AND CONFISCATION OF ONE (1) UNIT MINIBABY CHAINSAW AND RETRIEVAL OF ABANDONED THREE (3) PIECES OF IPIL LUMBERS IN VIOLATION OF R.A. 9175 OR CHAINSAW ACT.pdf | Uncategorized
2026-02-26 13:15:38 | SCAN | 0054-RELEASED OF IMPOUNDED CONVEYANCE TO MR. FERNANDO MAGBANUA SR..pdf | Uncategorized
2026-02-26 13:15:38 | SCAN | 0055-RELEASED OF IMPOUNDED CONVEYANCE TO MR. LORITO Y. CAINOY.pdf | Uncategorized
2026-02-26 13:15:38 | SCAN | 0056-REQUEST FOR ELECTRICAL INSTALLATION IN WRED MONITORING STATION, BGY. STA. LUCIA.pdf | Uncategorized
2026-02-26 13:15:38 | SCAN | 0057-RELEASED OF IMPOUNDED CONVEYANCE TO MR. FLORESTO MAGDAYAO AND MR. ALDRIN O. APID.pdf | Uncategorized
2026-02-26 13:15:38 | SCAN | 0066-VIIRS-BD INSIDE 15 KM. COASTAL WATERS OF PUERTO PRINCESA.pdf | Uncategorized
2026-02-26 13:15:40 | SCAN | BALANCE-SKELETAL-TRACTION.pdf | Contract
2026-02-26 13:15:40 | SCAN | BST.pdf | Uncategorized
2026-02-26 13:16:23 | SCAN | Capstone-Paper.docx.pdf | Resume
2026-02-26 13:16:26 | SCAN | chn2-Lesson7.pdf | Resume
2026-02-26 13:16:28 | SCAN | chn2-Lesson8.pdf | Report
2026-02-26 13:16:31 | SCAN | chn2-Lesson9.pdf | Contract
2026-02-26 13:16:31 | SCAN | Combined_Report_2026-01.pdf | Report
2026-02-26 13:16:31 | SCAN | Combined_Report_2026-02.pdf | Report
2026-02-26 13:16:31 | SCAN | Combined_Report_2026.pdf | Resume
2026-02-26 13:16:34 | SCAN | Confidentiality ( Bioethics).pdf | Uncategorized
2026-02-26 13:16:34 | SCAN | excel-cheat-sheet.pdf | Uncategorized
2026-02-26 13:16:51 | SCAN | Final-Web-based-Dormitory-Information-Management-System.pdf | Invoice
2026-02-26 13:16:55 | SCAN | FRACTURE.pdf | Resume
2026-02-26 13:17:13 | SCAN | G16B-Research-Proposal-1.pdf | Resume
2026-02-26 13:17:30 | SCAN | G16B-Research-Proposal.pdf | Resume
2026-02-26 13:17:48 | SCAN | G16B-Research-Proposal11.pdf | Resume
2026-02-26 13:18:24 | SCAN | GCSS11.pdf | Resume
